[themebubble.com/demo/webify/creative/index.html]
[backblue.gif]
[fade.gif]
[index.html]
[themebubble.com/demo/webify/creative/wp-content/cache/min/8/98d76cfeef03b9e5d0216764c5c77015.css]
[themebubble.com/demo/webify/creative/wp-content/uploads/sites/8/2019/04/client4.png]
[fonts.googleapis.com/index.html]
[themebubble.com/demo/webify/creative/feed/index.html]
[themebubble.com/demo/webify/creative/comments/feed/index.html]
[cdn.jsdelivr.net/npm/@fortawesome/fontawesome-free@5.13.0/css/all.min.css]
[cdn.jsdelivr.net/npm/@fortawesome/fontawesome-free@5.13.0/css/v4-shims.min.css]
[themebubble.com/demo/webify/creative/wp-json/index.html]
[themebubble.com/demo/webify/creative/wp-json/wp/v2/pages/7.json]
[themebubble.com/demo/webify/creative/wp-json/oembed/1.0/embedfe50.json]
[themebubble.com/demo/webify/creative/wp-json/oembed/1.0/embedb5bf]
[themebubble.com/demo/webify/creative/wp-content/uploads/sites/8/2019/05/cropped-Favicon-32x32.png]
[themebubble.com/demo/webify/creative/wp-content/uploads/sites/8/2019/05/cropped-Favicon-192x192.png]
[themebubble.com/demo/webify/creative/wp-content/uploads/sites/8/2019/05/cropped-Favicon-180x180.png]
[themebubble.com/demo/webify/creative/wp-content/uploads/sites/8/2019/04/peter-secan-422909-unsplash-2.jpg]
[themebubble.com/demo/webify/creative/wp-content/uploads/sites/8/2019/05/new.png]
[themebubble.com/demo/webify/creative/about/index.html]
[themebubble.com/demo/webify/creative/wp-content/uploads/sites/8/2019/04/client2.png]
[themebubble.com/demo/webify/creative/contact/index.html]
[themebubble.com/demo/webify/creative/blog/index.html]
[themebubble.com/demo/webify/creative/wp-content/uploads/sites/8/2019/04/client1.png]
[themebubble.com/demo/webify/creative/wp-content/uploads/sites/8/2019/04/client3.png]
[themebubble.com/demo/webify/creative/wp-content/uploads/sites/8/2019/04/hero-img-1.png]
[themebubble.com/demo/webify/creative/wp-content/uploads/sites/8/2019/04/wire-frame.jpg]
[themebubble.com/demo/webify/creative/wp-content/uploads/sites/8/2019/04/video-block-bg.jpg]
[themebubble.com/demo/webify/creative/wp-content/uploads/sites/8/2019/04/signature.png]
[themebubble.com/demo/webify/creative/wp-content/uploads/sites/8/2019/04/testimonial1.png]
[themebubble.com/demo/webify/creative/wp-content/uploads/sites/8/2019/04/Testi.png]
[themebubble.com/demo/webify/creative/wp-content/uploads/sites/8/2019/04/willian-justen-de-vasconcellos-550613-unsplash-1-1.jpg]
[themebubble.com/demo/webify/creative/portfolio/adios-concept-design/index.html]
[themebubble.com/demo/webify/creative/portfolio/sony-camera-website/index.html]
[themebubble.com/demo/webify/creative/wp-content/uploads/sites/8/2019/04/g83y6do219w.jpg]
[themebubble.com/demo/webify/creative/wp-content/uploads/sites/8/2019/04/w6onivdcfn0.jpg]
[themebubble.com/demo/webify/creative/wp-content/uploads/sites/8/2019/04/wbfvgbpdxfa.jpg]
[themebubble.com/demo/webify/creative/portfolio/save-the-world/index.html]
[themebubble.com/demo/webify/creative/portfolio/planet-fitness/index.html]
[themebubble.com/demo/webify/creative/wp-content/uploads/sites/8/2019/04/aiony-haust-783975-unsplash-1.jpg]
[themebubble.com/demo/webify/creative/portfolio/marketing-for-jrink/index.html]
[themebubble.com/demo/webify/creative/wp-content/uploads/sites/8/2019/04/p3fh6ya5evi.jpg]
[themebubble.com/demo/webify/creative/portfolio/identity-design-for-fliplr/index.html]
[themebubble.com/demo/webify/creative/wp-content/uploads/sites/8/2019/04/qbbei2rpb7a.jpg]
[themebubble.com/demo/webify/creative/wp-content/uploads/sites/8/2019/04/jmz6qjvjjvk.jpg]
[themebubble.com/demo/webify/creative/wp-content/uploads/sites/8/2019/04/rck3lz_cohq.jpg]
[themebubble.com/demo/webify/creative/wp-content/uploads/sites/8/2019/04/npy0x4xew60.jpg]
[themebubble.com/demo/webify/creative/wp-content/uploads/sites/8/2019/04/d2phv1q00pk-570x392.jpg]
[themebubble.com/demo/webify/creative/2019/04/15/the-thin-blur-line-between-corporate-lifestyle-other-things/index.html]
[themebubble.com/demo/webify/creative/author/developmentthemebubble/index.html]
[themebubble.com/demo/webify/creative/2019/04/15/halfway-though-a-decade-more/index.html]
[themebubble.com/demo/webify/creative/wp-content/uploads/sites/8/2019/04/5qgiuubxkwm-570x392.jpg]
[themebubble.com/demo/webify/creative/2019/04/15/how-to-live-a-balanced-life-like-everyone/index.html]
[themebubble.com/demo/webify/creative/wp-content/uploads/sites/8/2019/04/newsletter-img.png]
[themebubble.com/demo/webify/creative/index.html]
[themebubble.com/demo/webify/creative/wp-content/cache/min/8/b45c112dca0d18db13b2b63392aa850e.js]
[fonts.googleapis.com/index.html]
[cdn.jsdelivr.net/index.html]
[fonts.googleapis.com/css7122.css]
[fonts.googleapis.com/icon3a93.css]
[themebubble.com/demo/webify/creative/wp-content/uploads/sites/8/2019/05/images.jpg]
[themebubble.com/demo/webify/creative/wp-json/wp/v2/pages/574.json]
[themebubble.com/demo/webify/creative/wp-json/oembed/1.0/embed8786.json]
[themebubble.com/demo/webify/creative/wp-json/oembed/1.0/embed382a]
[themebubble.com/demo/webify/creative/wp-content/uploads/sites/8/2019/05/hero.jpg]
[themebubble.com/demo/webify/creative/wp-content/uploads/sites/8/2019/05/imgggg.png]
[themebubble.com/demo/webify/wp-content/uploads/2019/03/15.png]
[themebubble.com/demo/webify/wp-content/uploads/2019/03/16.png]
[themebubble.com/demo/webify/wp-content/uploads/2019/03/03.png]
[themebubble.com/demo/webify/wp-content/uploads/2019/03/14.png]
[themebubble.com/demo/webify/wp-content/uploads/2019/03/13.png]
[themebubble.com/demo/webify/wp-content/uploads/2019/03/12.png]
[themebubble.com/demo/webify/creative/about/index.html]
[themebubble.com/demo/webify/creative/wp-content/cache/min/8/b707e1b390aed47a47305dcd6ea6281a.js]
[themebubble.com/demo/webify/creative/wp-json/wp/v2/pages/117.json]
[themebubble.com/demo/webify/creative/wp-content/cache/min/8/56a588b2cce8e36bfe15fb189d63c588.css]
[themebubble.com/demo/webify/creative/wp-json/oembed/1.0/embed95b6.json]
[themebubble.com/demo/webify/creative/wp-json/oembed/1.0/embed84f0]
[themebubble.com/demo/webify/creative/wp-content/uploads/sites/8/2019/04/d2phv1q00pk-728x485.jpg]
[themebubble.com/demo/webify/creative/wp-content/uploads/sites/8/2019/04/qxyjgownc_i-570x392.jpg]
[themebubble.com/demo/webify/creative/wp-content/uploads/sites/8/2019/04/asahnlc0vhq-570x392.jpg]
[themebubble.com/demo/webify/creative/2019/04/15/smashing-dreams-more-of-it/index.html]
[themebubble.com/demo/webify/creative/2019/04/15/there-will-be-a-time-when-it-all-goes-against-you/index.html]
[themebubble.com/demo/webify/creative/wp-content/uploads/sites/8/2019/04/hxihfs_duk-570x392.jpg]
[themebubble.com/demo/webify/creative/2019/04/15/the-life-hack-you-might-think-you-know/index.html]
[themebubble.com/demo/webify/creative/wp-content/uploads/sites/8/2019/04/tzz4xrrdpue-570x392.jpg]
[themebubble.com/demo/webify/creative/wp-content/uploads/sites/8/2019/04/8adn4itl-lu-570x392.jpg]
[themebubble.com/demo/webify/creative/2019/04/15/sublime-art-of-not-worrying-at-all/index.html]
[themebubble.com/demo/webify/creative/wp-content/uploads/sites/8/2019/04/l7ewhkq1b2s-570x392.jpg]
[themebubble.com/demo/webify/creative/2019/04/15/a-brief-history-of-everything-in-between/index.html]
[themebubble.com/demo/webify/creative/wp-content/uploads/sites/8/2019/04/Untitled-1.png]
[themebubble.com/demo/webify/creative/2019/04/15/what-to-expect-in-a-changed-lifestyle/index.html]
[themebubble.com/demo/webify/creative/wp-content/uploads/sites/8/2019/04/hcfwew744z4.jpg]
[themebubble.com/demo/webify/creative/blog/page/2/index.html]
[themebubble.com/demo/webify/creative/wp-content/uploads/sites/8/2019/04/d2phv1q00pk.jpg]
[themebubble.com/demo/webify/creative/wp-content/uploads/sites/8/2019/04/l7ewhkq1b2s.jpg]
[themebubble.com/demo/webify/creative/wp-content/uploads/sites/8/2019/04/8adn4itl-lu.jpg]
[themebubble.com/demo/webify/creative/wp-content/uploads/sites/8/2019/04/tzz4xrrdpue.jpg]
[themebubble.com/demo/webify/creative/wp-content/uploads/sites/8/2019/04/hxihfs_duk.jpg]
[themebubble.com/demo/webify/creative/blog/index.html]
[themebubble.com/demo/webify/creative/wp-content/cache/min/8/212eacf09901024b5b7a9faddda0bf83.js]
[themebubble.com/demo/webify/creative/wp-json/oembed/1.0/embed9589.json]
[themebubble.com/demo/webify/creative/wp-json/oembed/1.0/embed5eb7]
[themebubble.com/demo/webify/creative/wp-content/uploads/sites/8/2019/05/Hero-new.jpg]
[themebubble.com/demo/webify/creative/contact/index.html]
[themebubble.com/demo/webify/creative/wp-content/cache/min/8/9e200bfa19e93b566c94c7b691b5d435.js]
[themebubble.com/demo/webify/creative/wp-content/cache/min/8/c3a0d9df4e327d23cc40decce7855cd0.css]
[themebubble.com/demo/webify/creative/wp-json/oembed/1.0/embedf4dd.json]
[themebubble.com/demo/webify/creative/wp-json/oembed/1.0/embed63ce]
[themebubble.com/demo/webify/creative/wp-content/uploads/sites/8/2019/04/partner-logo-02.png]
[themebubble.com/demo/webify/wp-content/uploads/2019/03/8a208067729449.5b7c09db9b960.jpg]
[themebubble.com/demo/webify/wp-content/uploads/2019/04/simone-hutsch-1426997-unsplash-2.jpg]
[themebubble.com/demo/webify/wp-content/uploads/2019/04/cj-dayrit-1367417-unsplash-2.jpg]
[themebubble.com/demo/webify/wp-content/uploads/2019/04/simone-hutsch-1414445-unsplash-2.jpg]
[themebubble.com/demo/webify/creative/portfolio/adios-concept-design/index.html]
[themebubble.com/demo/webify/creative/wp-content/cache/min/8/ba9fdc935a557f636745465ef824b655.js]
[webify-13e95.kxcdn.com/demo/webify/creative/wp-content/uploads/sites/8/2019/04/g83y6do219w.7e.delayed]
[themebubble.com/demo/webify/creative/wp-content/cache/min/8/9c59e3c203e95c8d46a187f47cfcd2e1.css]
[themebubble.com/demo/webify/creative/wp-json/oembed/1.0/embedc600.json]
[themebubble.com/demo/webify/creative/wp-json/oembed/1.0/embed3e1c]
[themebubble.com/demo/webify/creative/portfolio/sony-camera-website/index.html]
[themebubble.com/demo/webify/creative/wp-content/cache/min/8/da4292b8e04eb9c4952fdc7ed0c8bf5c.css]
[webify-13e95.kxcdn.com/demo/webify/creative/wp-content/uploads/sites/8/2019/04/w6onivdcfn0.jpg]
[themebubble.com/demo/webify/creative/wp-json/oembed/1.0/embed2577.json]
[themebubble.com/demo/webify/creative/wp-json/oembed/1.0/embed6327]
[themebubble.com/demo/webify/creative/portfolio/save-the-world/index.html]
[themebubble.com/demo/webify/creative/wp-content/cache/min/8/cd51cc193a74e1be178abeeee22a0913.css]
[themebubble.com/demo/webify/creative/wp-json/oembed/1.0/embedb217.json]
[themebubble.com/demo/webify/creative/wp-json/oembed/1.0/embedb0c0]
[themebubble.com/demo/webify/creative/portfolio/marketing-for-jrink/index.html]
[themebubble.com/demo/webify/creative/wp-content/cache/min/8/3e7d5d2c5dd5c4fab8b30392846eb49d.css]
[webify-13e95.kxcdn.com/demo/webify/creative/wp-content/uploads/sites/8/2019/04/aiony-haust-783975-unsplash-1.jpg]
[themebubble.com/demo/webify/creative/wp-json/oembed/1.0/embedfd69.json]
[themebubble.com/demo/webify/creative/wp-json/oembed/1.0/embed159e]
[themebubble.com/demo/webify/creative/portfolio/planet-fitness/index.html]
[themebubble.com/demo/webify/creative/wp-content/cache/min/8/c3d4d2b84332c8175317071e52411b13.css]
[webify-13e95.kxcdn.com/demo/webify/creative/wp-content/uploads/sites/8/2019/04/p3fh6ya5evi.jpg]
[themebubble.com/demo/webify/creative/wp-json/oembed/1.0/embed56ed.json]
[themebubble.com/demo/webify/creative/wp-json/oembed/1.0/embed7b29]
[themebubble.com/demo/webify/creative/portfolio/identity-design-for-fliplr/index.html]
[themebubble.com/demo/webify/creative/wp-content/cache/min/8/3f039741e32769094ae228cf03f7f4ef.css]
[webify-13e95.kxcdn.com/demo/webify/creative/wp-content/uploads/sites/8/2019/04/d2phv1q00pk.jpg]
[themebubble.com/demo/webify/creative/wp-json/wp/v2/posts/215.json]
[themebubble.com/demo/webify/creative/2019/04/15/the-thin-blur-line-between-corporate-lifestyle-other-things/feed/index.html]
[themebubble.com/demo/webify/creative/wp-json/oembed/1.0/embedf7eb.json]
[themebubble.com/demo/webify/creative/wp-json/oembed/1.0/embeda94c]
[secure.gravatar.com/avatar/9faea36d78b8e1b39e445019baecf4013190.jpeg]
[themebubble.com/demo/webify/creative/wp-content/uploads/sites/8/2019/04/qxyjgownc_i-1024x683.jpg]
[themebubble.com/demo/webify/creative/wp-content/uploads/sites/8/2019/04/d2phv1q00pk-1024x683.jpg]
[secure.gravatar.com/avatar/9faea36d78b8e1b39e445019baecf401326e.jpeg]
[themebubble.com/demo/webify/creative/tag/food/index.html]
[themebubble.com/demo/webify/creative/tag/fun/index.html]
[themebubble.com/demo/webify/creative/wp-content/cache/min/8/c0e5825b32c51dcb66b53d5a520e0519.js]
[themebubble.com/demo/webify/creative/2019/04/15/the-thin-blur-line-between-corporate-lifestyle-other-things/index.html]
[themebubble.com/demo/webify/creative/tag/office/index.html]
[themebubble.com/demo/webify/creative/tag/workspace/index.html]
[themebubble.com/demo/webify/creative/category/lifestyle/index.html]
[themebubble.com/demo/webify/creative/wp-content/cache/min/8/9469370e52dfc6f7ea5704ded52e4b43.css]
[themebubble.com/demo/webify/creative/wp-json/wp/v2/users/1.json]
[themebubble.com/demo/webify/creative/wp-content/uploads/sites/8/2019/04/npy0x4xew60-570x392.jpg]
[themebubble.com/demo/webify/creative/author/developmentthemebubble/feed/index.html]
[themebubble.com/demo/webify/creative/author/developmentthemebubble/page/2/index.html]
[themebubble.com/demo/webify/creative/wp-content/cache/min/8/d026fd2ba399292f6658f935c53d82f4.js]
[themebubble.com/demo/webify/creative/author/developmentthemebubble/index.html]
[themebubble.com/demo/webify/creative/2019/04/15/the-future-of-south-lies-in-secret/index.html]
[webify-13e95.kxcdn.com/demo/webify/creative/wp-content/uploads/sites/8/2019/04/hcfwew744z4.9e.delayed]
[themebubble.com/demo/webify/creative/wp-json/wp/v2/posts/214.json]
[themebubble.com/demo/webify/creative/2019/04/15/halfway-though-a-decade-more/feed/index.html]
[themebubble.com/demo/webify/creative/wp-json/oembed/1.0/embed6ead.json]
[themebubble.com/demo/webify/creative/wp-json/oembed/1.0/embedc530]
[themebubble.com/demo/webify/creative/wp-content/uploads/sites/8/2019/04/5qgiuubxkwm.jpg]
[themebubble.com/demo/webify/creative/2019/04/15/halfway-though-a-decade-more/index.html]
[webify-13e95.kxcdn.com/demo/webify/creative/wp-content/uploads/sites/8/2019/04/5qgiuubxkwm.jpg]
[themebubble.com/demo/webify/creative/wp-json/wp/v2/posts/213.json]
[themebubble.com/demo/webify/creative/wp-json/oembed/1.0/embedafbb.json]
[themebubble.com/demo/webify/creative/2019/04/15/how-to-live-a-balanced-life-like-everyone/feed/index.html]
[themebubble.com/demo/webify/creative/2019/04/15/how-to-live-a-balanced-life-like-everyone/index.html]
[themebubble.com/demo/webify/creative/indexfe50.html]
[themebubble.com/demo/webify/creative/index8320.html]
[themebubble.com/demo/webify/creative/wp-content/uploads/sites/8/2019/04/qxyjgownc_i.jpg]
[webify-13e95.kxcdn.com/demo/webify/creative/wp-content/uploads/sites/8/2019/04/qxyjgownc_i.jpg]
[themebubble.com/demo/webify/creative/wp-json/oembed/1.0/embedf8b6]
[themebubble.com/demo/webify/creative/2019/04/15/there-will-be-a-time-when-it-all-goes-against-you/feed/index.html]
[themebubble.com/demo/webify/creative/wp-content/uploads/sites/8/2019/04/asahnlc0vhq.jpg]
[themebubble.com/demo/webify/creative/2019/04/15/there-will-be-a-time-when-it-all-goes-against-you/index.html]
[webify-13e95.kxcdn.com/demo/webify/creative/wp-content/uploads/sites/8/2019/04/asahnlc0vhq.jpg]
[themebubble.com/demo/webify/creative/wp-json/wp/v2/posts/211.json]
[themebubble.com/demo/webify/creative/2019/04/15/smashing-dreams-more-of-it/feed/index.html]
[themebubble.com/demo/webify/creative/wp-json/oembed/1.0/embedb4db.json]
[themebubble.com/demo/webify/creative/wp-json/oembed/1.0/embed954e]
[themebubble.com/demo/webify/creative/2019/04/15/smashing-dreams-more-of-it/index.html]
[webify-13e95.kxcdn.com/demo/webify/creative/wp-content/uploads/sites/8/2019/04/hxihfs_duk.jpg]
[themebubble.com/demo/webify/creative/2019/04/15/the-life-hack-you-might-think-you-know/feed/index.html]
[themebubble.com/demo/webify/creative/wp-json/oembed/1.0/embed5eb0.json]
[themebubble.com/demo/webify/creative/wp-json/oembed/1.0/embed7aff]
[themebubble.com/demo/webify/creative/2019/04/15/the-life-hack-you-might-think-you-know/index.html]
[webify-13e95.kxcdn.com/demo/webify/creative/wp-content/uploads/sites/8/2019/04/tzz4xrrdpue.jpg]
[themebubble.com/demo/webify/creative/wp-json/wp/v2/posts/208.json]
[themebubble.com/demo/webify/creative/2019/04/15/sublime-art-of-not-worrying-at-all/feed/index.html]
[themebubble.com/demo/webify/creative/wp-json/oembed/1.0/embed83e0.json]
[themebubble.com/demo/webify/creative/wp-json/oembed/1.0/embedd10a]
[themebubble.com/demo/webify/creative/2019/04/15/sublime-art-of-not-worrying-at-all/index.html]
[webify-13e95.kxcdn.com/demo/webify/creative/wp-content/uploads/sites/8/2019/04/8adn4itl-lu.jpg]
[themebubble.com/demo/webify/creative/wp-json/wp/v2/posts/206.json]
[themebubble.com/demo/webify/creative/2019/04/15/a-brief-history-of-everything-in-between/feed/index.html]
[themebubble.com/demo/webify/creative/wp-json/oembed/1.0/embedf578.json]
[themebubble.com/demo/webify/creative/wp-json/oembed/1.0/embedfab8]
[themebubble.com/demo/webify/creative/2019/04/15/a-brief-history-of-everything-in-between/index.html]
[webify-13e95.kxcdn.com/demo/webify/creative/wp-content/uploads/sites/8/2019/04/l7ewhkq1b2s.jpg]
[themebubble.com/demo/webify/creative/wp-json/wp/v2/posts/204.json]
[themebubble.com/demo/webify/creative/2019/04/15/what-to-expect-in-a-changed-lifestyle/feed/index.html]
[themebubble.com/demo/webify/creative/wp-json/oembed/1.0/embed40ca.json]
[themebubble.com/demo/webify/creative/wp-json/oembed/1.0/embed8dee]
[themebubble.com/demo/webify/creative/2019/04/15/what-to-expect-in-a-changed-lifestyle/index.html]
[themebubble.com/demo/webify/creative/wp-content/uploads/sites/8/2019/04/npy0x4xew60-728x485.jpg]
[themebubble.com/demo/webify/creative/wp-content/uploads/sites/8/2019/04/1zduwmlmya-570x392.jpg]
[themebubble.com/demo/webify/creative/blog/page/2/index.html]
[themebubble.com/demo/webify/creative/indexdd54.html]
[themebubble.com/demo/webify/creative/indexe4db.html]
[themebubble.com/demo/webify/creative/indexcaf0.html]
[themebubble.com/demo/webify/creative/index57e7.html]
[themebubble.com/demo/webify/creative/indexbc6e.html]
[themebubble.com/demo/webify/creative/index8fbb.html]
[themebubble.com/demo/webify/creative/index5f0f.html]
[themebubble.com/demo/webify/creative/indexd7c9.html]
[themebubble.com/demo/webify/creative/wp-json/wp/v2/pages/497]
[themebubble.com/demo/webify/creative/2019/04/13/hello/index.html]
[themebubble.com/demo/webify/creative/tag/food/page/2/index.html]
[themebubble.com/demo/webify/creative/wp-json/wp/v2/tags/7.json]
[themebubble.com/demo/webify/creative/tag/food/index.html]
[themebubble.com/demo/webify/creative/tag/food/feed/index.html]
[themebubble.com/demo/webify/creative/wp-json/wp/v2/tags/4.json]
[themebubble.com/demo/webify/creative/tag/fun/index.html]
[themebubble.com/demo/webify/creative/wp-json/wp/v2/tags/5.json]
[themebubble.com/demo/webify/creative/tag/office/index.html]
[themebubble.com/demo/webify/creative/tag/fun/feed/index.html]
[themebubble.com/demo/webify/creative/tag/fun/page/2/index.html]
[themebubble.com/demo/webify/creative/tag/workspace/index.html]
[themebubble.com/demo/webify/creative/tag/office/page/2/index.html]
[themebubble.com/demo/webify/creative/tag/office/feed/index.html]
[themebubble.com/demo/webify/creative/category/lifestyle/index.html]
[themebubble.com/demo/webify/creative/tag/workspace/page/2/index.html]
[themebubble.com/demo/webify/creative/author/developmentthemebubble/page/2/index.html]
[themebubble.com/demo/webify/creative/wp-content/uploads/sites/8/2019/04/1zduwmlmya-728x485.jpg]
[themebubble.com/demo/webify/creative/category/lifestyle/feed/index.html]
[webify-13e95.kxcdn.com/demo/webify/creative/wp-content/uploads/sites/8/2019/04/npy0x4xew60.c9.delayed]
[themebubble.com/demo/webify/creative/wp-json/wp/v2/posts/202.json]
[themebubble.com/demo/webify/creative/wp-json/oembed/1.0/embed2a72.json]
[themebubble.com/demo/webify/creative/wp-json/oembed/1.0/embed7809]
[themebubble.com/demo/webify/creative/2019/04/15/the-future-of-south-lies-in-secret/feed/index.html]
[themebubble.com/demo/webify/creative/wp-content/uploads/sites/8/2019/04/1zduwmlmya.jpg]
[themebubble.com/demo/webify/creative/2019/04/15/the-future-of-south-lies-in-secret/index.html]
[themebubble.com/demo/webify/creative/indexba1b.html]
[themebubble.com/demo/webify/creative/indexf3dd.html]
[themebubble.com/demo/webify/creative/xmlrpc0db0.php]
[themebubble.com/demo/webify/creative/index905c.html]
[themebubble.com/demo/webify/creative/index0114.html]
[themebubble.com/demo/webify/creative/wp-json/oembed/1.0/embeddb0a]
[themebubble.com/demo/webify/creative/indexe4c6.html]
[themebubble.com/demo/webify/creative/index0eba.html]
[themebubble.com/demo/webify/creative/index1e11.html]
[themebubble.com/demo/webify/creative/indexcb89.html]
[themebubble.com/demo/webify/creative/wp-json/wp/v2/posts/212]
[themebubble.com/demo/webify/creative/wp-json/oembed/1.0/embed2005]
[themebubble.com/demo/webify/creative/wp-json/wp/v2/posts/210]
[webify-13e95.kxcdn.com/demo/webify/creative/wp-content/uploads/sites/8/2019/04/1zduwmlmya.ce.delayed]
[themebubble.com/demo/webify/creative/2019/04/13/hello/index.html]
[themebubble.com/demo/webify/creative/blog/page/1/index.html]
[themebubble.com/demo/webify/creative/tag/food/page/2/index.html]
[themebubble.com/demo/webify/creative/tag/fun/page/2/index.html]
[themebubble.com/demo/webify/creative/wp-json/oembed/1.0/embedfd70]
[themebubble.com/demo/webify/creative/tag/office/page/2/index.html]
[themebubble.com/demo/webify/creative/tag/workspace/page/2/index.html]
[themebubble.com/demo/webify/creative/author/developmentthemebubble/page/1/index.html]
[themebubble.com/demo/webify/creative/index6452.html]
[themebubble.com/demo/webify/creative/indexe6f0.html]
[themebubble.com/demo/webify/creative/tag/workspace/feed/index.html]
[themebubble.com/demo/webify/creative/tag/food/page/1/index.html]
[themebubble.com/demo/webify/creative/tag/fun/page/1/index.html]
[themebubble.com/demo/webify/creative/tag/office/page/1/index.html]
[themebubble.com/demo/webify/creative/category/lifestyle/page/2/index.html]
[themebubble.com/demo/webify/creative/category/lifestyle/page/2/index.html]
[themebubble.com/demo/webify/creative/wp-json/wp/v2/posts/103]
[themebubble.com/demo/webify/creative/wp-json/oembed/1.0/embedc4bc]
[themebubble.com/demo/webify/creative/wp-json/wp/v2/tags/6]
[themebubble.com/demo/webify/creative/wp-json/wp/v2/categories/3]
[themebubble.com/demo/webify/creative/2019/04/13/hello/feed/index.html]
[themebubble.com/demo/webify/creative/tag/workspace/page/1/index.html]
[themebubble.com/demo/webify/creative/category/lifestyle/page/1/index.html]
[themebubble.com/demo/webify/creative/comments/feed/index.html]
[themebubble.com/demo/webify/creative/feed/index.html]
[themebubble.com/demo/webify/creative/wp-json/index.html]
[themebubble.com/demo/webify/creative/wp-content/uploads/sites/8/2019/04/peter-secan-422909-unsplash-2.jpg]
[themebubble.com/demo/webify/creative/wp-content/plugins/instagram-feed-pro/img/sbi-sprite.png]
[themebubble.com/demo/webify/creative/wp-content/uploads/sites/8/2019/04/testimonial1.png]
[themebubble.com/demo/webify/creative/wp-content/uploads/sites/8/2019/04/Testi.png]
[themebubble.com/demo/webify/creative/wp-content/uploads/sites/8/2019/04/willian-justen-de-vasconcellos-550613-unsplash-1-1.jpg]
[themebubble.com/demo/webify/creative/wp-content/themes/webify/assets/fonts/iconsmind.eot]
[themebubble.com/demo/webify/creative/wp-content/uploads/sites/8/2019/04/wbfvgbpdxfa.jpg]
[themebubble.com/demo/webify/creative/wp-content/uploads/sites/8/2019/04/p3fh6ya5evi.jpg]
[themebubble.com/demo/webify/creative/wp-content/uploads/sites/8/2019/04/aiony-haust-783975-unsplash-1.jpg]
[themebubble.com/demo/webify/creative/wp-content/themes/webify/assets/fonts/iconsmind.woff]
[themebubble.com/demo/webify/creative/wp-content/uploads/sites/8/2019/05/images.jpg]
[themebubble.com/demo/webify/creative/wp-content/themes/webify/assets/fonts/circular-regular.ttf]
[themebubble.com/demo/webify/creative/wp-content/themes/webify/assets/fonts/iconsmind.ttf]
[themebubble.com/demo/webify/creative/wp-content/plugins/elementor/assets/lib/eicons/fonts/eicons5519.eot]
[themebubble.com/demo/webify/creative/wp-content/uploads/sites/8/2019/05/imgggg.png]
[themebubble.com/demo/webify/creative/wp-content/plugins/elementor/assets/lib/eicons/fonts/eicons5519.woff2]
[themebubble.com/demo/webify/creative/wp-content/uploads/sites/8/2019/04/asahnlc0vhq-570x392.jpg]
[themebubble.com/demo/webify/creative/wp-content/plugins/elementor/assets/lib/eicons/fonts/eicons5519.woff]
[themebubble.com/demo/webify/creative/wp-content/uploads/sites/8/2019/04/d2phv1q00pk.jpg]
[themebubble.com/demo/webify/creative/wp-content/plugins/elementor/assets/lib/eicons/fonts/eicons5519.ttf]
[themebubble.com/demo/webify/creative/wp-content/plugins/elementor/assets/lib/eicons/fonts/eicons5519.svg]
[themebubble.com/demo/webify/wp-content/uploads/2019/03/8a208067729449.5b7c09db9b960.jpg]
[themebubble.com/demo/webify/wp-content/uploads/2019/04/simone-hutsch-1426997-unsplash-2.jpg]
[themebubble.com/demo/webify/creative/2019/04/15/the-thin-blur-line-between-corporate-lifestyle-other-things/feed/index.html]
[secure.gravatar.com/avatar/9faea36d78b8e1b39e445019baecf401326e.jpeg]
[themebubble.com/demo/webify/creative/wp-content/plugins/elementor/assets/lib/font-awesome/fonts/fontawesome-webfont3e6e.eot]
[themebubble.com/demo/webify/creative/wp-content/plugins/elementor/assets/lib/font-awesome/fonts/fontawesome-webfontd41d.eot]
[themebubble.com/demo/webify/creative/wp-content/uploads/sites/8/2019/04/qxyjgownc_i-1024x683.jpg]
[themebubble.com/demo/webify/creative/author/developmentthemebubble/feed/index.html]
[themebubble.com/demo/webify/creative/wp-content/plugins/elementor/assets/lib/font-awesome/fonts/fontawesome-webfont3e6e.woff2]
[themebubble.com/demo/webify/creative/wp-content/uploads/sites/8/2019/04/npy0x4xew60-570x392.jpg]
[themebubble.com/demo/webify/creative/2019/04/15/halfway-though-a-decade-more/feed/index.html]
[themebubble.com/demo/webify/creative/wp-content/plugins/elementor/assets/lib/font-awesome/fonts/fontawesome-webfont3e6e.woff]
[themebubble.com/demo/webify/creative/2019/04/15/how-to-live-a-balanced-life-like-everyone/feed/index.html]
[themebubble.com/demo/webify/creative/wp-content/uploads/sites/8/2019/04/qxyjgownc_i.jpg]
[themebubble.com/demo/webify/creative/2019/04/15/there-will-be-a-time-when-it-all-goes-against-you/feed/index.html]
[themebubble.com/demo/webify/creative/wp-content/plugins/elementor/assets/lib/font-awesome/fonts/fontawesome-webfont3e6e.ttf]
[themebubble.com/demo/webify/creative/wp-content/plugins/elementor/assets/lib/font-awesome/fonts/fontawesome-webfont3e6e.svg]
[themebubble.com/demo/webify/creative/2019/04/15/smashing-dreams-more-of-it/feed/index.html]
[themebubble.com/demo/webify/creative/2019/04/15/the-life-hack-you-might-think-you-know/feed/index.html]
[themebubble.com/demo/webify/creative/wp-content/uploads/sites/8/2019/04/asahnlc0vhq.jpg]
[themebubble.com/demo/webify/creative/2019/04/15/sublime-art-of-not-worrying-at-all/feed/index.html]
[themebubble.com/demo/webify/creative/wp-content/uploads/sites/8/2019/04/icon-box-bg.png]
[themebubble.com/demo/webify/creative/wp-content/cache/min/8/98d76cfeef03b9e5d0216764c5c77015.css]
[themebubble.com/demo/webify/creative/2019/04/15/what-to-expect-in-a-changed-lifestyle/feed/index.html]
[themebubble.com/demo/webify/creative/2019/04/15/a-brief-history-of-everything-in-between/feed/index.html]
[cdn.jsdelivr.net/index.html]
[themebubble.com/demo/webify/creative/tag/food/feed/index.html]
[themebubble.com/demo/webify/creative/tag/fun/feed/index.html]
[themebubble.com/demo/webify/creative/wp-content/uploads/sites/8/2019/04/npy0x4xew60-728x485.jpg]
[themebubble.com/demo/webify/creative/tag/office/feed/index.html]
[themebubble.com/demo/webify/creative/category/lifestyle/feed/index.html]
[themebubble.com/demo/webify/creative/2019/04/15/the-future-of-south-lies-in-secret/feed/index.html]
[themebubble.com/demo/webify/creative/wp-content/uploads/sites/8/2019/04/1zduwmlmya-728x485.jpg]
[cdn.jsdelivr.net/npm/@fortawesome/fontawesome-free@5.13.0/webfonts/fa-brands-400.svg]
[cdn.jsdelivr.net/npm/@fortawesome/fontawesome-free@5.13.0/webfonts/fa-regular-400.svg]
[cdn.jsdelivr.net/npm/@fortawesome/fontawesome-free@5.13.0/css/all.min.css]
[cdn.jsdelivr.net/npm/@fortawesome/fontawesome-free@5.13.0/webfonts/fa-solid-900.svg]
[cdn.jsdelivr.net/npm/@fortawesome/fontawesome-free@5.13.0/css/v4-shims.min.css]
[themebubble.com/demo/webify/creative/tag/workspace/feed/index.html]
[themebubble.com/demo/webify/creative/wp-content/plugins/elementor/assets/lib/eicons/fonts/eicons5519.woff2]
[themebubble.com/demo/webify/creative/wp-content/plugins/elementor/assets/lib/font-awesome/fonts/fontawesome-webfont3e6e.woff2]
[themebubble.com/demo/webify/creative/portfolio/adios-concept-design/index.html]
[themebubble.com/demo/webify/creative/wp-content/uploads/sites/8/2019/04/icon-box-bg.png]
[themebubble.com/demo/webify/creative/portfolio/planet-fitness/index.html]
[themebubble.com/demo/webify/creative/wp-includes/wlwmanifest.xml]
[themebubble.com/demo/webify/creative/wp-json/oembed/1.0/embedb5bf]
[themebubble.com/demo/webify/creative/portfolio/identity-design-for-fliplr/index.html]
[themebubble.com/demo/webify/creative/wp-content/themes/webify/assets/img/logo-dark.png]
[themebubble.com/demo/webify/creative/wp-content/cache/min/8/56a588b2cce8e36bfe15fb189d63c588.css]
[themebubble.com/demo/webify/creative/wp-json/oembed/1.0/embed382a]
[themebubble.com/demo/webify/creative/index8320.html]
[themebubble.com/demo/webify/creative/2019/04/15/the-life-hack-you-might-think-you-know/index.html]
[themebubble.com/demo/webify/creative/wp-content/uploads/sites/8/2019/05/sign.png]
[themebubble.com/demo/webify/creative/wp-content/cache/min/8/c3a0d9df4e327d23cc40decce7855cd0.css]
[themebubble.com/demo/webify/creative/wp-content/themes/webify/assets/img/drag.png]
[themebubble.com/demo/webify/creative/wp-content/cache/min/8/9f0fb3498e7a0bc88ebd7443eb07367d.css]
[themebubble.com/demo/webify/wp-content/uploads/2019/03/b970c967729449.5b98f6beba54a.jpg]
[themebubble.com/demo/webify/creative/wp-content/cache/min/8/9c59e3c203e95c8d46a187f47cfcd2e1.css]
[webify-13e95.kxcdn.com/demo/webify/creative/wp-content/uploads/sites/8/2019/04/g83y6do219w.html]
[themebubble.com/demo/webify/creative/wp-content/cache/min/8/da4292b8e04eb9c4952fdc7ed0c8bf5c.css]
[webify-13e95.kxcdn.com/demo/webify/creative/wp-content/uploads/sites/8/2019/04/w6onivdcfn0.html]
[themebubble.com/demo/webify/creative/wp-content/cache/min/8/cd51cc193a74e1be178abeeee22a0913.css]
[themebubble.com/demo/webify/creative/wp-content/cache/min/8/3e7d5d2c5dd5c4fab8b30392846eb49d.css]
[webify-13e95.kxcdn.com/demo/webify/creative/wp-content/uploads/sites/8/2019/04/aiony-haust-783975-unsplash-1.html]
[themebubble.com/demo/webify/creative/wp-content/cache/min/8/c3d4d2b84332c8175317071e52411b13.css]
[webify-13e95.kxcdn.com/demo/webify/creative/wp-content/uploads/sites/8/2019/04/p3fh6ya5evi.html]
[themebubble.com/demo/webify/creative/wp-content/cache/min/8/3f039741e32769094ae228cf03f7f4ef.css]
[webify-13e95.kxcdn.com/demo/webify/creative/wp-content/uploads/sites/8/2019/04/d2phv1q00pk.html]
[themebubble.com/demo/webify/wp-content/uploads/2019/03/03bdc967729449.5bcdb8c6d1b87.jpg]
[themebubble.com/demo/webify/creative/wp-content/cache/min/8/9469370e52dfc6f7ea5704ded52e4b43.css]
[themebubble.com/demo/webify/creative/wp-content/themes/webify/assets/img/drag.png]
[themebubble.com/demo/webify/creative/wp-json/wp/v2/posts/215.json]
[webify-13e95.kxcdn.com/demo/webify/creative/wp-content/uploads/sites/8/2019/04/hcfwew744z4.html]
[webify-13e95.kxcdn.com/demo/webify/creative/wp-content/uploads/sites/8/2019/04/5qgiuubxkwm.html]
[themebubble.com/demo/webify/creative/wp-json/wp/v2/users/1.json]
[themebubble.com/demo/webify/creative/xmlrpc0db0.php]
[webify-13e95.kxcdn.com/demo/webify/creative/wp-content/uploads/sites/8/2019/04/qxyjgownc_i.html]
[themebubble.com/demo/webify/creative/wp-json/wp/v2/posts/214.json]
[webify-13e95.kxcdn.com/demo/webify/creative/wp-content/uploads/sites/8/2019/04/asahnlc0vhq.html]
[themebubble.com/demo/webify/creative/wp-json/oembed/1.0/embedc530]
[webify-13e95.kxcdn.com/demo/webify/creative/wp-content/uploads/sites/8/2019/04/hxihfs_duk.html]
[webify-13e95.kxcdn.com/demo/webify/creative/wp-content/uploads/sites/8/2019/04/tzz4xrrdpue.html]
[themebubble.com/demo/webify/creative/wp-json/wp/v2/posts/213.json]
[webify-13e95.kxcdn.com/demo/webify/creative/wp-content/uploads/sites/8/2019/04/8adn4itl-lu.html]
[webify-13e95.kxcdn.com/demo/webify/creative/wp-content/uploads/sites/8/2019/04/l7ewhkq1b2s.html]
[themebubble.com/demo/webify/creative/2019/04/13/hello/index.html]
[themebubble.com/demo/webify/creative/wp-json/wp/v2/posts/210]
[themebubble.com/demo/webify/creative/wp-json/wp/v2/posts/208.json]
[themebubble.com/demo/webify/creative/wp-json/wp/v2/posts/206.json]
[themebubble.com/demo/webify/creative/wp-json/wp/v2/posts/204.json]
[themebubble.com/demo/webify/creative/tag/office/page/2/index.html]
[themebubble.com/demo/webify/creative/tag/workspace/page/2/index.html]
[themebubble.com/demo/webify/creative/author/developmentthemebubble/page/1/index.html]
[webify-13e95.kxcdn.com/demo/webify/creative/wp-content/uploads/sites/8/2019/04/npy0x4xew60.html]
[themebubble.com/demo/webify/creative/wp-json/wp/v2/categories/3]
[webify-13e95.kxcdn.com/demo/webify/creative/wp-content/uploads/sites/8/2019/04/1zduwmlmya.html]
[themebubble.com/demo/webify/creative/tag/food/page/1/index.html]
[themebubble.com/demo/webify/creative/wp-json/wp/v2/posts/202.json]
[themebubble.com/demo/webify/creative/tag/workspace/page/1/index.html]
[themebubble.com/demo/webify/creative/wp-json/wp/v2/tags/6]
[themebubble.com/demo/webify/creative/2019/04/13/hello/feed/index.html]
[themebubble.com/demo/webify/creative/wp-content/plugins/elementor/assets/lib/eicons/fonts/eicons5519.svg]
[themebubble.com/demo/webify/creative/wp-content/plugins/elementor/assets/lib/font-awesome/fonts/fontawesome-webfont3e6e.svg]
[cdn.jsdelivr.net/npm/@fortawesome/fontawesome-free@5.13.0/webfonts/fa-brands-400.svg]
[cdn.jsdelivr.net/npm/@fortawesome/fontawesome-free@5.13.0/webfonts/fa-regular-400.svg]
[cdn.jsdelivr.net/npm/@fortawesome/fontawesome-free@5.13.0/webfonts/fa-solid-900.svg]
[themebubble.com/demo/webify/creative/wp-content/themes/webify/assets/img/error-bg.jpg]
[themebubble.com/demo/webify/creative/wp-includes/wlwmanifest.xml]
[themebubble.com/demo/webify/creative/wp-content/uploads/sites/8/2019/04/hcfwew744z4-570x392.jpg]
[themebubble.com/demo/webify/creative/xmlrpc0db0.php]
[themebubble.com/demo/webify/creative/indexfe50.html]
[themebubble.com/demo/webify/creative/wp-content/cache/min/8/9f0fb3498e7a0bc88ebd7443eb07367d.css]
[themebubble.com/demo/webify/creative/wp-content/cache/busting/8/demo/webify/creative/wp-includes/js/jquery/jquery.min-3.6.0.js]
[themebubble.com/demo/webify/creative/wp-json/wp/v2/tags/7.json]
[themebubble.com/demo/webify/creative/wp-json/wp/v2/posts/212]
[themebubble.com/demo/webify/creative/xmlrpc0db0.php]
[themebubble.com/demo/webify/creative/portfolio/sony-camera-website/index.html]
[themebubble.com/demo/webify/creative/wp-content/cache/min/8/59f3e7842e271062a01be4842bb564d2.css]
[themebubble.com/demo/webify/creative/tag/food/page/2/index.html]
[themebubble.com/demo/webify/creative/wp-content/themes/webify/assets/css/img/drag.html]
[themebubble.com/demo/webify/creative/wp-json/wp/v2/posts/211.json]
